\BOOKMARK [0][-]{chapter.1}{\376\377\000I\000n\000t\000r\000o\000d\000u\000z\000i\000o\000n\000e}{}% 1
\BOOKMARK [1][-]{section.1.1}{\376\377\000C\000o\000n\000c\000e\000t\000t\000i\000\040\000f\000o\000n\000d\000a\000m\000e\000n\000t\000a\000l\000i}{chapter.1}% 2
\BOOKMARK [2][-]{subsection.1.1.1}{\376\377\000R\000e\000d\000\040\000T\000e\000a\000m}{section.1.1}% 3
\BOOKMARK [2][-]{subsection.1.1.2}{\376\377\000B\000l\000u\000e\000\040\000T\000e\000a\000m}{section.1.1}% 4
\BOOKMARK [2][-]{subsection.1.1.3}{\376\377\000C\000y\000b\000e\000r\000\040\000R\000a\000n\000g\000e}{section.1.1}% 5
\BOOKMARK [0][-]{chapter.2}{\376\377\000M\000I\000T\000R\000E\000\040\000C\000a\000l\000d\000e\000r\000a}{}% 6
\BOOKMARK [1][-]{section.2.1}{\376\377\000C\000o\000m\000p\000o\000n\000e\000n\000t\000i\000\040\000\046\000\040\000f\000u\000n\000z\000i\000o\000n\000a\000l\000i\000t\000\340}{chapter.2}% 7
\BOOKMARK [1][-]{section.2.2}{\376\377\000E\000s\000e\000m\000p\000i\000o\000\040\000u\000s\000o\000\040\000d\000i\000\040\000C\000a\000l\000d\000e\000r\000a}{chapter.2}% 8
\BOOKMARK [0][-]{chapter.3}{\376\377\000P\000r\000e\000s\000e\000n\000t\000a\000z\000i\000o\000n\000e\000\040\000V\000i\000r\000t\000u\000a\000l\000\040\000M\000a\000c\000h\000i\000n\000e\000s}{}% 9
\BOOKMARK [1][-]{section.3.1}{\376\377\000W\000i\000n\000d\000o\000w\000s\000\040\000V\000M}{chapter.3}% 10
\BOOKMARK [2][-]{subsection.3.1.1}{\376\377\000F\000i\000r\000e\000w\000a\000l\000l}{section.3.1}% 11
\BOOKMARK [2][-]{subsection.3.1.2}{\376\377\000M\000i\000c\000r\000o\000s\000o\000f\000t\000\040\000S\000Q\000L\000\040\000S\000e\000r\000v\000e\000r\000\040\0002\0000\0001\0009}{section.3.1}% 12
\BOOKMARK [2][-]{subsection.3.1.3}{\376\377\000A\000p\000p\000l\000i\000c\000a\000z\000i\000o\000n\000e\000\040\000W\000e\000b}{section.3.1}% 13
\BOOKMARK [1][-]{section.3.2}{\376\377\000U\000b\000u\000n\000t\000u\000\040\000V\000M}{chapter.3}% 14
\BOOKMARK [0][-]{chapter.4}{\376\377\000K\000i\000l\000l\000\040\000C\000h\000a\000i\000n}{}% 15
\BOOKMARK [1][-]{section.4.1}{\376\377\000C\000i\000c\000l\000o\000\040\000d\000i\000\040\000v\000i\000t\000a}{chapter.4}% 16
\BOOKMARK [1][-]{section.4.2}{\376\377\000C\000y\000b\000e\000r\000\040\000K\000i\000l\000l\000\040\000C\000h\000a\000i\000n\000\040\000M\000a\000t\000r\000i\000x}{chapter.4}% 17
\BOOKMARK [1][-]{section.4.3}{\376\377\000O\000p\000e\000r\000a\000z\000i\000o\000n\000i\000\040\000d\000i\000\040\000R\000e\000d\000\040\000T\000e\000a\000m\000i\000n\000g}{chapter.4}% 18
\BOOKMARK [2][-]{subsection.4.3.1}{\376\377\000I\000n\000d\000i\000v\000i\000d\000u\000a\000z\000i\000o\000n\000e\000\040\000e\000x\000p\000l\000o\000i\000t}{section.4.3}% 19
\BOOKMARK [2][-]{subsection.4.3.2}{\376\377\000I\000n\000s\000e\000r\000i\000m\000e\000n\000t\000o\000\040\000a\000g\000e\000n\000t\000e}{section.4.3}% 20
\BOOKMARK [2][-]{subsection.4.3.3}{\376\377\000A\000v\000v\000e\000r\000s\000a\000r\000i\000o\000\040\000"\000D\000e\000f\000e\000n\000s\000e\000\040\000E\000v\000a\000s\000i\000o\000n\000"\000\040\000\050\000u\000s\000e\000\040\000c\000a\000s\000e\000\040\0001\000\051}{section.4.3}% 21
\BOOKMARK [2][-]{subsection.4.3.4}{\376\377\000C\000r\000e\000a\000z\000i\000o\000n\000e\000\040\000a\000v\000v\000e\000r\000s\000a\000r\000i\000o\000\040\000\050\000u\000s\000e\000\040\000c\000a\000s\000e\000\040\0002\000\051}{section.4.3}% 22
\BOOKMARK [0][-]{chapter.5}{\376\377\000C\000o\000n\000c\000l\000u\000s\000i\000o\000n\000i}{}% 23
